127.0.0.1 - - [12/Aug/2020:09:05:44 +0700] "GET / HTTP/1.1" 404 751
0:0:0:0:0:0:0:1 - - [12/Aug/2020:09:05:46 +0700] "GET /webShop/ HTTP/1.1" 200 908
0:0:0:0:0:0:0:1 - - [12/Aug/2020:09:05:46 +0700] "GET /favicon.ico HTTP/1.1" 404 762
0:0:0:0:0:0:0:1 - - [12/Aug/2020:09:06:13 +0700] "GET /webShop/tag HTTP/1.1" 500 1098
0:0:0:0:0:0:0:1 - - [12/Aug/2020:09:07:05 +0700] "GET /webShop/tag/* HTTP/1.1" 500 1098
127.0.0.1 - - [12/Aug/2020:09:15:44 +0700] "GET / HTTP/1.1" 404 751
0:0:0:0:0:0:0:1 - - [12/Aug/2020:09:15:49 +0700] "GET /webShop/tag HTTP/1.1" 200 17
0:0:0:0:0:0:0:1 - - [12/Aug/2020:09:16:21 +0700] "GET /webShop/tag HTTP/1.1" 200 17
127.0.0.1 - - [12/Aug/2020:09:16:37 +0700] "GET / HTTP/1.1" 404 751
0:0:0:0:0:0:0:1 - - [12/Aug/2020:09:16:44 +0700] "GET /webShop/tag HTTP/1.1" 200 50
0:0:0:0:0:0:0:1 - - [12/Aug/2020:09:30:06 +0700] "GET /webShop/tag/insert HTTP/1.1" 200 -
0:0:0:0:0:0:0:1 - - [12/Aug/2020:09:38:16 +0700] "GET /webShop/tag/list HTTP/1.1" 200 50
127.0.0.1 - - [12/Aug/2020:09:51:06 +0700] "GET / HTTP/1.1" 404 751
0:0:0:0:0:0:0:1 - - [12/Aug/2020:09:51:06 +0700] "GET /webShop/tag/* HTTP/1.1" 200 -
0:0:0:0:0:0:0:1 - - [12/Aug/2020:09:52:05 +0700] "GET /webShop/tag/insert/tgname='gogi' HTTP/1.1" 200 -
0:0:0:0:0:0:0:1 - - [12/Aug/2020:09:54:05 +0700] "GET /webShop/tag/insert/tgname='gogi' HTTP/1.1" 200 -
0:0:0:0:0:0:0:1 - - [12/Aug/2020:09:55:18 +0700] "GET /webShop/tag/insert&tgname='gogi' HTTP/1.1" 200 -
0:0:0:0:0:0:0:1 - - [12/Aug/2020:09:58:42 +0700] "GET /webShop/tag/insert?tgname=%27gogi%27 HTTP/1.1" 200 -
127.0.0.1 - - [12/Aug/2020:10:00:29 +0700] "GET / HTTP/1.1" 404 751
0:0:0:0:0:0:0:1 - - [12/Aug/2020:10:00:30 +0700] "GET /webShop/tag/* HTTP/1.1" 200 -
0:0:0:0:0:0:0:1 - - [12/Aug/2020:10:00:55 +0700] "GET /webShop/tag/insert?tagname=%22gogi%22 HTTP/1.1" 200 -
127.0.0.1 - - [12/Aug/2020:10:03:13 +0700] "GET / HTTP/1.1" 404 751
0:0:0:0:0:0:0:1 - - [12/Aug/2020:10:03:14 +0700] "GET /webShop/WEB-INF/classes/tp/kits3/livedinner/DAO/TagDao.java HTTP/1.1" 404 682
0:0:0:0:0:0:0:1 - - [12/Aug/2020:10:03:22 +0700] "GET /webShop/tag/insert?tagname=%22gogi%22 HTTP/1.1" 200 -
127.0.0.1 - - [12/Aug/2020:10:03:44 +0700] "GET / HTTP/1.1" 404 751
0:0:0:0:0:0:0:1 - - [12/Aug/2020:10:03:44 +0700] "GET /webShop/tag/* HTTP/1.1" 200 -
0:0:0:0:0:0:0:1 - - [12/Aug/2020:10:03:54 +0700] "GET /webShop/tag/insert?tagname=%22haha%22 HTTP/1.1" 200 -
0:0:0:0:0:0:0:1 - - [12/Aug/2020:10:04:52 +0700] "GET /webShop/tag/list HTTP/1.1" 200 146
127.0.0.1 - - [12/Aug/2020:10:08:15 +0700] "GET /webShop/tag/insert?tagname=haha HTTP/1.1" 200 -
127.0.0.1 - - [12/Aug/2020:10:08:16 +0700] "GET / HTTP/1.1" 404 751
127.0.0.1 - - [12/Aug/2020:10:08:17 +0700] "GET /webShop/tag/* HTTP/1.1" 200 -
127.0.0.1 - - [12/Aug/2020:10:08:31 +0700] "GET /webShop/tag/insert?tagname=haha HTTP/1.1" 200 -
127.0.0.1 - - [12/Aug/2020:10:08:48 +0700] "GET /webShop/tag/insert?tagname=gogi HTTP/1.1" 200 -
127.0.0.1 - - [12/Aug/2020:10:30:47 +0700] "GET / HTTP/1.1" 404 751
0:0:0:0:0:0:0:1 - - [12/Aug/2020:10:30:48 +0700] "GET /webShop/tag/* HTTP/1.1" 200 -
0:0:0:0:0:0:0:1 - - [12/Aug/2020:10:31:04 +0700] "GET /webShop/tag/insert?tagname=gogi HTTP/1.1" 200 -
0:0:0:0:0:0:0:1 - - [12/Aug/2020:10:31:30 +0700] "GET /webShop/tag/insert?tagname=gogi HTTP/1.1" 200 -
127.0.0.1 - - [12/Aug/2020:10:31:39 +0700] "GET / HTTP/1.1" 404 751
0:0:0:0:0:0:0:1 - - [12/Aug/2020:10:31:39 +0700] "GET /webShop/WEB-INF/classes/tp/kits3/livedinner/DAO/TagDao.java HTTP/1.1" 404 682
0:0:0:0:0:0:0:1 - - [12/Aug/2020:10:31:49 +0700] "GET /webShop/tag/insert?tagname=gogi HTTP/1.1" 200 -
127.0.0.1 - - [12/Aug/2020:10:33:55 +0700] "GET / HTTP/1.1" 404 751
0:0:0:0:0:0:0:1 - - [12/Aug/2020:10:33:56 +0700] "GET /webShop/tag/* HTTP/1.1" 200 -
0:0:0:0:0:0:0:1 - - [12/Aug/2020:10:34:10 +0700] "GET /webShop/tag/insert?tagname=gogi HTTP/1.1" 200 -
127.0.0.1 - - [12/Aug/2020:10:38:55 +0700] "GET / HTTP/1.1" 404 751
0:0:0:0:0:0:0:1 - - [12/Aug/2020:10:38:55 +0700] "GET /webShop/tag/* HTTP/1.1" 200 -
0:0:0:0:0:0:0:1 - - [12/Aug/2020:10:39:01 +0700] "GET /webShop/tag/insert?tagname=gogi HTTP/1.1" 200 -
127.0.0.1 - - [12/Aug/2020:10:40:33 +0700] "GET / HTTP/1.1" 404 751
0:0:0:0:0:0:0:1 - - [12/Aug/2020:10:40:33 +0700] "GET /webShop/WEB-INF/classes/tp/kits3/livedinner/DAO/TagDao.java HTTP/1.1" 404 682
127.0.0.1 - - [12/Aug/2020:11:23:30 +0700] "GET / HTTP/1.1" 404 751
0:0:0:0:0:0:0:1 - - [12/Aug/2020:11:23:31 +0700] "GET /webShop/ HTTP/1.1" 304 -
127.0.0.1 - - [12/Aug/2020:11:27:01 +0700] "GET / HTTP/1.1" 404 751
127.0.0.1 - - [12/Aug/2020:13:25:23 +0700] "GET / HTTP/1.1" 404 751
0:0:0:0:0:0:0:1 - - [12/Aug/2020:13:25:23 +0700] "GET /webShop/category/list HTTP/1.1" 200 29
0:0:0:0:0:0:0:1 - - [12/Aug/2020:13:36:56 +0700] "GET /webShop/category/add HTTP/1.1" 404 779
127.0.0.1 - - [12/Aug/2020:13:37:32 +0700] "GET / HTTP/1.1" 404 751
0:0:0:0:0:0:0:1 - - [12/Aug/2020:13:37:32 +0700] "GET /webShop/category/add HTTP/1.1" 200 204
0:0:0:0:0:0:0:1 - - [12/Aug/2020:13:37:51 +0700] "GET /webShop/category/add HTTP/1.1" 200 204
127.0.0.1 - - [12/Aug/2020:13:38:00 +0700] "GET / HTTP/1.1" 404 751
0:0:0:0:0:0:0:1 - - [12/Aug/2020:13:38:00 +0700] "GET /webShop/category/add HTTP/1.1" 200 206
0:0:0:0:0:0:0:1 - - [12/Aug/2020:13:52:54 +0700] "POST /webShop/category/add HTTP/1.1" 200 -
0:0:0:0:0:0:0:1 - - [12/Aug/2020:13:55:00 +0700] "POST /webShop/category/add HTTP/1.1" 200 -
0:0:0:0:0:0:0:1 - - [12/Aug/2020:13:55:01 +0700] "GET /webShop/category/add HTTP/1.1" 200 206
0:0:0:0:0:0:0:1 - - [12/Aug/2020:13:55:03 +0700] "POST /webShop/category/add HTTP/1.1" 200 -
0:0:0:0:0:0:0:1 - - [12/Aug/2020:13:55:50 +0700] "GET /webShop/category/add HTTP/1.1" 200 203
0:0:0:0:0:0:0:1 - - [12/Aug/2020:13:55:55 +0700] "POST /webShop/category/add HTTP/1.1" 200 -
127.0.0.1 - - [12/Aug/2020:14:01:54 +0700] "GET / HTTP/1.1" 404 751
0:0:0:0:0:0:0:1 - - [12/Aug/2020:14:01:55 +0700] "GET /webShop/category/add HTTP/1.1" 200 204
0:0:0:0:0:0:0:1 - - [12/Aug/2020:14:02:03 +0700] "POST /webShop/category/add HTTP/1.1" 200 -
0:0:0:0:0:0:0:1 - - [12/Aug/2020:14:02:13 +0700] "GET /webShop/category/add HTTP/1.1" 200 204
0:0:0:0:0:0:0:1 - - [12/Aug/2020:14:02:17 +0700] "POST /webShop/category/add HTTP/1.1" 200 -
0:0:0:0:0:0:0:1 - - [12/Aug/2020:14:03:00 +0700] "GET /webShop/category/add HTTP/1.1" 200 204
0:0:0:0:0:0:0:1 - - [12/Aug/2020:14:03:02 +0700] "POST /webShop/category/add HTTP/1.1" 200 -
0:0:0:0:0:0:0:1 - - [12/Aug/2020:14:03:05 +0700] "GET /webShop/category/add HTTP/1.1" 200 204
127.0.0.1 - - [12/Aug/2020:14:07:24 +0700] "GET / HTTP/1.1" 404 751
0:0:0:0:0:0:0:1 - - [12/Aug/2020:14:07:24 +0700] "GET /webShop/category/add HTTP/1.1" 200 204
0:0:0:0:0:0:0:1 - - [12/Aug/2020:14:07:31 +0700] "GET /webShop/category/list HTTP/1.1" 200 180
0:0:0:0:0:0:0:1 - - [12/Aug/2020:14:08:27 +0700] "GET /webShop/category/list HTTP/1.1" 200 180
0:0:0:0:0:0:0:1 - - [12/Aug/2020:14:08:29 +0700] "GET /webShop/category/list HTTP/1.1" 200 180
0:0:0:0:0:0:0:1 - - [12/Aug/2020:14:08:37 +0700] "GET /webShop/category/list HTTP/1.1" 200 180
127.0.0.1 - - [12/Aug/2020:14:56:35 +0700] "GET / HTTP/1.1" 404 751
0:0:0:0:0:0:0:1 - - [12/Aug/2020:14:56:35 +0700] "GET /webShop/category/list HTTP/1.1" 200 258
0:0:0:0:0:0:0:1 - - [12/Aug/2020:14:57:13 +0700] "GET /webShop/category/update?ctgid=3 HTTP/1.1" 200 215
0:0:0:0:0:0:0:1 - - [12/Aug/2020:14:58:14 +0700] "POST /webShop/category/update HTTP/1.1" 500 1244
0:0:0:0:0:0:0:1 - - [12/Aug/2020:15:04:37 +0700] "GET /webShop/category/update?ctgid=3 HTTP/1.1" 200 219
127.0.0.1 - - [12/Aug/2020:15:04:52 +0700] "GET / HTTP/1.1" 404 751
0:0:0:0:0:0:0:1 - - [12/Aug/2020:15:04:53 +0700] "GET /webShop/category/update HTTP/1.1" 500 1243
0:0:0:0:0:0:0:1 - - [12/Aug/2020:15:04:59 +0700] "GET /webShop/category/list HTTP/1.1" 200 258
0:0:0:0:0:0:0:1 - - [12/Aug/2020:15:05:01 +0700] "GET /webShop/category/update?ctgid=3 HTTP/1.1" 200 219
127.0.0.1 - - [12/Aug/2020:15:06:05 +0700] "GET / HTTP/1.1" 404 751
0:0:0:0:0:0:0:1 - - [12/Aug/2020:15:06:06 +0700] "GET /webShop/category/list HTTP/1.1" 200 258
0:0:0:0:0:0:0:1 - - [12/Aug/2020:15:06:09 +0700] "GET /webShop/category/update?ctgid=3 HTTP/1.1" 200 217
0:0:0:0:0:0:0:1 - - [12/Aug/2020:15:06:34 +0700] "GET /webShop/category/update?ctgid=3 HTTP/1.1" 200 217
0:0:0:0:0:0:0:1 - - [12/Aug/2020:15:06:37 +0700] "GET /webShop/category/update?ctgid=4 HTTP/1.1" 200 209
0:0:0:0:0:0:0:1 - - [12/Aug/2020:15:06:41 +0700] "POST /webShop/category/update HTTP/1.1" 500 1244
0:0:0:0:0:0:0:1 - - [12/Aug/2020:15:06:47 +0700] "POST /webShop/category/update HTTP/1.1" 500 1244
127.0.0.1 - - [12/Aug/2020:15:11:19 +0700] "GET / HTTP/1.1" 404 751
0:0:0:0:0:0:0:1 - - [12/Aug/2020:15:11:19 +0700] "GET /webShop/category/list HTTP/1.1" 200 258
0:0:0:0:0:0:0:1 - - [12/Aug/2020:15:11:22 +0700] "GET /webShop/category/update?ctgid=3 HTTP/1.1" 200 265
0:0:0:0:0:0:0:1 - - [12/Aug/2020:15:11:32 +0700] "POST /webShop/category/update HTTP/1.1" 500 1244
127.0.0.1 - - [12/Aug/2020:15:20:13 +0700] "GET / HTTP/1.1" 404 751
0:0:0:0:0:0:0:1 - - [12/Aug/2020:15:20:13 +0700] "GET /webShop/category/add HTTP/1.1" 200 204
0:0:0:0:0:0:0:1 - - [12/Aug/2020:15:20:27 +0700] "POST /webShop/category/add HTTP/1.1" 200 204
0:0:0:0:0:0:0:1 - - [12/Aug/2020:15:20:39 +0700] "GET /webShop/category/list HTTP/1.1" 200 335
0:0:0:0:0:0:0:1 - - [12/Aug/2020:15:20:43 +0700] "GET /webShop/category/update?ctgid=6 HTTP/1.1" 200 265
0:0:0:0:0:0:0:1 - - [12/Aug/2020:15:20:53 +0700] "POST /webShop/category/update HTTP/1.1" 500 1244
127.0.0.1 - - [12/Aug/2020:15:24:33 +0700] "GET / HTTP/1.1" 404 751
0:0:0:0:0:0:0:1 - - [12/Aug/2020:15:24:33 +0700] "GET /webShop/category/list HTTP/1.1" 200 335
0:0:0:0:0:0:0:1 - - [12/Aug/2020:15:24:35 +0700] "GET /webShop/category/update?ctgid=3 HTTP/1.1" 200 279
0:0:0:0:0:0:0:1 - - [12/Aug/2020:15:25:08 +0700] "GET /webShop/category/update?ctgid=3 HTTP/1.1" 200 279
0:0:0:0:0:0:0:1 - - [12/Aug/2020:15:25:11 +0700] "GET /webShop/category/update?ctgid=3 HTTP/1.1" 200 279
127.0.0.1 - - [12/Aug/2020:15:25:24 +0700] "GET / HTTP/1.1" 404 751
0:0:0:0:0:0:0:1 - - [12/Aug/2020:15:25:25 +0700] "GET /webShop/category/update HTTP/1.1" 500 1243
0:0:0:0:0:0:0:1 - - [12/Aug/2020:15:25:33 +0700] "GET /webShop/category/list HTTP/1.1" 200 335
0:0:0:0:0:0:0:1 - - [12/Aug/2020:15:25:34 +0700] "GET /webShop/category/update?ctgid=3 HTTP/1.1" 200 274
127.0.0.1 - - [12/Aug/2020:15:29:40 +0700] "GET / HTTP/1.1" 404 751
0:0:0:0:0:0:0:1 - - [12/Aug/2020:15:29:40 +0700] "GET /webShop/category/list HTTP/1.1" 200 335
0:0:0:0:0:0:0:1 - - [12/Aug/2020:15:29:44 +0700] "GET /webShop/category/update?ctgid=6 HTTP/1.1" 200 273
0:0:0:0:0:0:0:1 - - [12/Aug/2020:15:29:57 +0700] "POST /webShop/category/update HTTP/1.1" 500 1244
0:0:0:0:0:0:0:1 - - [12/Aug/2020:15:30:12 +0700] "POST /webShop/category/update HTTP/1.1" 500 1244
0:0:0:0:0:0:0:1 - - [12/Aug/2020:15:31:39 +0700] "GET /webShop/category/list HTTP/1.1" 200 335
0:0:0:0:0:0:0:1 - - [12/Aug/2020:15:31:41 +0700] "GET /webShop/category/update?ctgid=3 HTTP/1.1" 200 273
0:0:0:0:0:0:0:1 - - [12/Aug/2020:15:31:45 +0700] "POST /webShop/category/update HTTP/1.1" 500 1244
0:0:0:0:0:0:0:1 - - [12/Aug/2020:15:31:58 +0700] "POST /webShop/category/update HTTP/1.1" 500 1244
0:0:0:0:0:0:0:1 - - [12/Aug/2020:15:32:05 +0700] "POST /webShop/category/update HTTP/1.1" 500 1244
0:0:0:0:0:0:0:1 - - [12/Aug/2020:15:33:08 +0700] "POST /webShop/category/update HTTP/1.1" 500 1244
127.0.0.1 - - [12/Aug/2020:15:45:55 +0700] "GET / HTTP/1.1" 404 751
0:0:0:0:0:0:0:1 - - [12/Aug/2020:15:45:56 +0700] "GET /webShop/category/list HTTP/1.1" 200 335
0:0:0:0:0:0:0:1 - - [12/Aug/2020:15:46:00 +0700] "GET /webShop/category/update?ctgid=6 HTTP/1.1" 200 274
127.0.0.1 - - [12/Aug/2020:15:46:30 +0700] "GET / HTTP/1.1" 404 751
0:0:0:0:0:0:0:1 - - [12/Aug/2020:15:46:30 +0700] "GET /webShop/category/update HTTP/1.1" 500 1243
0:0:0:0:0:0:0:1 - - [12/Aug/2020:15:46:37 +0700] "GET /webShop/category/list HTTP/1.1" 200 335
0:0:0:0:0:0:0:1 - - [12/Aug/2020:15:46:39 +0700] "GET /webShop/category/update?ctgid=6 HTTP/1.1" 200 273
127.0.0.1 - - [12/Aug/2020:15:47:48 +0700] "GET / HTTP/1.1" 404 751
0:0:0:0:0:0:0:1 - - [12/Aug/2020:15:47:49 +0700] "GET /webShop/category/list HTTP/1.1" 200 335
0:0:0:0:0:0:0:1 - - [12/Aug/2020:15:47:50 +0700] "GET /webShop/category/update?ctgid=6 HTTP/1.1" 200 273
127.0.0.1 - - [12/Aug/2020:15:51:37 +0700] "GET / HTTP/1.1" 404 751
0:0:0:0:0:0:0:1 - - [12/Aug/2020:15:51:37 +0700] "GET /webShop/category/list HTTP/1.1" 200 335
0:0:0:0:0:0:0:1 - - [12/Aug/2020:15:51:39 +0700] "GET /webShop/category/update?ctgid=6 HTTP/1.1" 200 274
0:0:0:0:0:0:0:1 - - [12/Aug/2020:15:52:45 +0700] "GET /webShop/category/list HTTP/1.1" 200 335
0:0:0:0:0:0:0:1 - - [12/Aug/2020:15:52:46 +0700] "GET /webShop/category/update?ctgid=6 HTTP/1.1" 200 274
127.0.0.1 - - [12/Aug/2020:15:54:08 +0700] "GET / HTTP/1.1" 404 751
0:0:0:0:0:0:0:1 - - [12/Aug/2020:15:54:08 +0700] "GET /webShop/category/list HTTP/1.1" 200 335
0:0:0:0:0:0:0:1 - - [12/Aug/2020:15:54:10 +0700] "GET /webShop/category/update?ctgid=6 HTTP/1.1" 200 288
0:0:0:0:0:0:0:1 - - [12/Aug/2020:15:54:23 +0700] "POST /webShop/category/update HTTP/1.1" 500 1333
0:0:0:0:0:0:0:1 - - [12/Aug/2020:15:54:36 +0700] "POST /webShop/category/update HTTP/1.1" 500 1333
127.0.0.1 - - [12/Aug/2020:15:56:47 +0700] "GET / HTTP/1.1" 404 751
0:0:0:0:0:0:0:1 - - [12/Aug/2020:15:56:47 +0700] "GET /webShop/category/list HTTP/1.1" 200 335
0:0:0:0:0:0:0:1 - - [12/Aug/2020:15:56:55 +0700] "GET /webShop/category/update?ctgid=6 HTTP/1.1" 200 287
0:0:0:0:0:0:0:1 - - [12/Aug/2020:15:57:02 +0700] "POST /webShop/category/update HTTP/1.1" 500 1244
0:0:0:0:0:0:0:1 - - [12/Aug/2020:15:57:09 +0700] "GET /webShop/category/update?ctgid=3 HTTP/1.1" 200 287
0:0:0:0:0:0:0:1 - - [12/Aug/2020:15:57:20 +0700] "POST /webShop/category/update HTTP/1.1" 500 1244
127.0.0.1 - - [12/Aug/2020:16:15:04 +0700] "GET / HTTP/1.1" 404 751
0:0:0:0:0:0:0:1 - - [12/Aug/2020:16:15:05 +0700] "GET /webShop/category/list HTTP/1.1" 200 333
0:0:0:0:0:0:0:1 - - [12/Aug/2020:16:15:06 +0700] "GET /webShop/category/update?ctgid=6 HTTP/1.1" 200 287
0:0:0:0:0:0:0:1 - - [12/Aug/2020:16:15:08 +0700] "POST /webShop/category/update HTTP/1.1" 500 1333
127.0.0.1 - - [12/Aug/2020:16:16:45 +0700] "GET / HTTP/1.1" 404 751
0:0:0:0:0:0:0:1 - - [12/Aug/2020:16:16:45 +0700] "GET /webShop/category/list HTTP/1.1" 200 333
0:0:0:0:0:0:0:1 - - [12/Aug/2020:16:16:47 +0700] "GET /webShop/category/update?ctgid=6 HTTP/1.1" 200 287
0:0:0:0:0:0:0:1 - - [12/Aug/2020:16:16:49 +0700] "GET /webShop/category/update?ctgid=3 HTTP/1.1" 200 285
0:0:0:0:0:0:0:1 - - [12/Aug/2020:16:16:54 +0700] "POST /webShop/category/update HTTP/1.1" 302 -
0:0:0:0:0:0:0:1 - - [12/Aug/2020:16:16:54 +0700] "GET /Javaweb/category/list HTTP/1.1" 404 780
127.0.0.1 - - [12/Aug/2020:16:17:14 +0700] "GET / HTTP/1.1" 404 751
0:0:0:0:0:0:0:1 - - [12/Aug/2020:16:17:14 +0700] "GET /webShop/category/list HTTP/1.1" 200 333
0:0:0:0:0:0:0:1 - - [12/Aug/2020:16:17:16 +0700] "GET /webShop/category/update?ctgid=6 HTTP/1.1" 200 287
0:0:0:0:0:0:0:1 - - [12/Aug/2020:16:17:18 +0700] "POST /webShop/category/update HTTP/1.1" 302 -
0:0:0:0:0:0:0:1 - - [12/Aug/2020:16:17:18 +0700] "GET /webShop/category/list HTTP/1.1" 200 333
0:0:0:0:0:0:0:1 - - [12/Aug/2020:16:17:21 +0700] "GET /webShop/category/update?ctgid=6 HTTP/1.1" 200 287
0:0:0:0:0:0:0:1 - - [12/Aug/2020:16:17:23 +0700] "POST /webShop/category/update HTTP/1.1" 302 -
0:0:0:0:0:0:0:1 - - [12/Aug/2020:16:17:23 +0700] "GET /webShop/category/list HTTP/1.1" 200 333
127.0.0.1 - - [12/Aug/2020:16:18:10 +0700] "GET / HTTP/1.1" 404 751
0:0:0:0:0:0:0:1 - - [12/Aug/2020:16:18:10 +0700] "GET /webShop/category/list HTTP/1.1" 200 333
0:0:0:0:0:0:0:1 - - [12/Aug/2020:16:18:11 +0700] "GET /webShop/category/update?ctgid=6 HTTP/1.1" 200 287
127.0.0.1 - - [12/Aug/2020:16:18:49 +0700] "GET / HTTP/1.1" 404 751
0:0:0:0:0:0:0:1 - - [12/Aug/2020:16:18:49 +0700] "GET /webShop/category/list HTTP/1.1" 200 333
0:0:0:0:0:0:0:1 - - [12/Aug/2020:16:18:51 +0700] "GET /webShop/category/update?ctgid=3 HTTP/1.1" 200 286
0:0:0:0:0:0:0:1 - - [12/Aug/2020:16:18:53 +0700] "POST /webShop/category/update HTTP/1.1" 500 1244
127.0.0.1 - - [12/Aug/2020:16:19:22 +0700] "GET / HTTP/1.1" 404 751
0:0:0:0:0:0:0:1 - - [12/Aug/2020:16:19:22 +0700] "GET /webShop/category/list HTTP/1.1" 200 333
0:0:0:0:0:0:0:1 - - [12/Aug/2020:16:19:23 +0700] "GET /webShop/category/update?ctgid=3 HTTP/1.1" 200 286
0:0:0:0:0:0:0:1 - - [12/Aug/2020:16:19:25 +0700] "POST /webShop/category/update HTTP/1.1" 302 -
0:0:0:0:0:0:0:1 - - [12/Aug/2020:16:19:25 +0700] "GET /webShop/category/list HTTP/1.1" 200 333
127.0.0.1 - - [12/Aug/2020:16:30:56 +0700] "GET / HTTP/1.1" 404 751
0:0:0:0:0:0:0:1 - - [12/Aug/2020:16:30:58 +0700] "GET /webShop/category/list HTTP/1.1" 200 338
0:0:0:0:0:0:0:1 - - [12/Aug/2020:16:30:58 +0700] "GET /favicon.ico HTTP/1.1" 404 762
0:0:0:0:0:0:0:1 - - [12/Aug/2020:16:31:11 +0700] "GET /webShop/category/update?ctgid=3 HTTP/1.1" 200 291
0:0:0:0:0:0:0:1 - - [12/Aug/2020:16:31:14 +0700] "POST /webShop/category/update HTTP/1.1" 302 -
0:0:0:0:0:0:0:1 - - [12/Aug/2020:16:31:14 +0700] "GET /webShop/category/list HTTP/1.1" 200 338
127.0.0.1 - - [12/Aug/2020:16:32:30 +0700] "GET / HTTP/1.1" 404 751
0:0:0:0:0:0:0:1 - - [12/Aug/2020:16:32:31 +0700] "GET /webShop/category/list HTTP/1.1" 200 338
0:0:0:0:0:0:0:1 - - [12/Aug/2020:16:32:32 +0700] "GET /webShop/category/update?ctgid=3 HTTP/1.1" 200 291
0:0:0:0:0:0:0:1 - - [12/Aug/2020:16:32:42 +0700] "GET /webShop/category/update?ctgid=3 HTTP/1.1" 200 291
0:0:0:0:0:0:0:1 - - [12/Aug/2020:16:32:44 +0700] "POST /webShop/category/update HTTP/1.1" 302 -
0:0:0:0:0:0:0:1 - - [12/Aug/2020:16:32:44 +0700] "GET /webShop/category/list HTTP/1.1" 200 338
127.0.0.1 - - [12/Aug/2020:16:33:21 +0700] "GET / HTTP/1.1" 404 751
0:0:0:0:0:0:0:1 - - [12/Aug/2020:16:33:21 +0700] "GET /webShop/category/list HTTP/1.1" 200 338
0:0:0:0:0:0:0:1 - - [12/Aug/2020:16:33:22 +0700] "GET /webShop/category/update?ctgid=3 HTTP/1.1" 200 291
0:0:0:0:0:0:0:1 - - [12/Aug/2020:16:33:24 +0700] "POST /webShop/category/update HTTP/1.1" 302 -
0:0:0:0:0:0:0:1 - - [12/Aug/2020:16:33:24 +0700] "GET /webShop/category/list HTTP/1.1" 200 338
127.0.0.1 - - [12/Aug/2020:16:39:06 +0700] "GET / HTTP/1.1" 404 751
0:0:0:0:0:0:0:1 - - [12/Aug/2020:16:39:06 +0700] "GET /webShop/category/list HTTP/1.1" 200 338
0:0:0:0:0:0:0:1 - - [12/Aug/2020:16:39:07 +0700] "GET /webShop/category/update?ctgid=3 HTTP/1.1" 200 291
0:0:0:0:0:0:0:1 - - [12/Aug/2020:16:39:10 +0700] "POST /webShop/category/update HTTP/1.1" 302 -
0:0:0:0:0:0:0:1 - - [12/Aug/2020:16:39:10 +0700] "GET /webShop/category/list HTTP/1.1" 200 338
127.0.0.1 - - [12/Aug/2020:17:14:12 +0700] "GET / HTTP/1.1" 404 751
0:0:0:0:0:0:0:1 - - [12/Aug/2020:17:14:12 +0700] "GET /webShop/category/list HTTP/1.1" 200 338
0:0:0:0:0:0:0:1 - - [12/Aug/2020:17:14:15 +0700] "GET /webShop/category/update?ctgid=6 HTTP/1.1" 200 288
0:0:0:0:0:0:0:1 - - [12/Aug/2020:17:14:26 +0700] "POST /webShop/category/update HTTP/1.1" 500 1244
127.0.0.1 - - [12/Aug/2020:17:15:59 +0700] "GET / HTTP/1.1" 404 751
0:0:0:0:0:0:0:1 - - [12/Aug/2020:17:16:00 +0700] "GET /webShop/category/list HTTP/1.1" 200 338
0:0:0:0:0:0:0:1 - - [12/Aug/2020:17:16:01 +0700] "GET /webShop/category/update?ctgid=6 HTTP/1.1" 200 288
0:0:0:0:0:0:0:1 - - [12/Aug/2020:17:16:06 +0700] "POST /webShop/category/update HTTP/1.1" 500 1121
127.0.0.1 - - [12/Aug/2020:17:20:35 +0700] "GET / HTTP/1.1" 404 751
0:0:0:0:0:0:0:1 - - [12/Aug/2020:17:20:35 +0700] "GET /webShop/category/list HTTP/1.1" 200 338
0:0:0:0:0:0:0:1 - - [12/Aug/2020:17:20:39 +0700] "GET /webShop/category/update?ctgid=3 HTTP/1.1" 200 291
0:0:0:0:0:0:0:1 - - [12/Aug/2020:17:20:41 +0700] "POST /webShop/category/update HTTP/1.1" 500 1121
127.0.0.1 - - [12/Aug/2020:17:23:25 +0700] "GET / HTTP/1.1" 404 751
0:0:0:0:0:0:0:1 - - [12/Aug/2020:17:23:26 +0700] "GET /webShop/category/list HTTP/1.1" 200 338
0:0:0:0:0:0:0:1 - - [12/Aug/2020:17:23:27 +0700] "GET /webShop/category/update?ctgid=6 HTTP/1.1" 200 288
0:0:0:0:0:0:0:1 - - [12/Aug/2020:17:23:38 +0700] "POST /webShop/category/update HTTP/1.1" 500 1244
0:0:0:0:0:0:0:1 - - [12/Aug/2020:17:23:54 +0700] "POST /webShop/category/update HTTP/1.1" 500 1244
127.0.0.1 - - [12/Aug/2020:18:11:28 +0700] "GET / HTTP/1.1" 404 751
0:0:0:0:0:0:0:1 - - [12/Aug/2020:18:11:29 +0700] "GET /webShop/contact HTTP/1.1" 500 1106
127.0.0.1 - - [12/Aug/2020:18:12:35 +0700] "GET / HTTP/1.1" 404 751
0:0:0:0:0:0:0:1 - - [12/Aug/2020:18:12:35 +0700] "GET /webShop/contact HTTP/1.1" 500 1106
0:0:0:0:0:0:0:1 - - [12/Aug/2020:18:13:33 +0700] "GET /webShop/contact/list HTTP/1.1" 500 1106
0:0:0:0:0:0:0:1 - - [12/Aug/2020:18:14:38 +0700] "GET /webShop/contact/list HTTP/1.1" 500 1106
127.0.0.1 - - [12/Aug/2020:18:14:54 +0700] "GET / HTTP/1.1" 404 751
0:0:0:0:0:0:0:1 - - [12/Aug/2020:18:14:54 +0700] "GET /webShop/contact/list HTTP/1.1" 500 1106
127.0.0.1 - - [12/Aug/2020:18:16:37 +0700] "GET / HTTP/1.1" 404 751
0:0:0:0:0:0:0:1 - - [12/Aug/2020:18:16:37 +0700] "GET /webShop/contact/list HTTP/1.1" 500 1106
127.0.0.1 - - [12/Aug/2020:18:20:22 +0700] "GET / HTTP/1.1" 404 751
0:0:0:0:0:0:0:1 - - [12/Aug/2020:18:20:22 +0700] "GET /webShop/contact/list HTTP/1.1" 500 1106
127.0.0.1 - - [12/Aug/2020:18:20:54 +0700] "GET / HTTP/1.1" 404 751
0:0:0:0:0:0:0:1 - - [12/Aug/2020:18:20:54 +0700] "GET /webShop/contact/list HTTP/1.1" 500 1106
127.0.0.1 - - [12/Aug/2020:18:22:01 +0700] "GET / HTTP/1.1" 404 751
0:0:0:0:0:0:0:1 - - [12/Aug/2020:18:22:02 +0700] "GET /webShop/contact/list HTTP/1.1" 200 204
127.0.0.1 - - [12/Aug/2020:19:20:37 +0700] "GET / HTTP/1.1" 404 751
0:0:0:0:0:0:0:1 - - [12/Aug/2020:19:20:37 +0700] "GET /webShop/contact/add HTTP/1.1" 200 606
0:0:0:0:0:0:0:1 - - [12/Aug/2020:19:22:01 +0700] "GET /webShop/contact/list HTTP/1.1" 200 219
0:0:0:0:0:0:0:1 - - [12/Aug/2020:19:22:24 +0700] "GET /webShop/contact/list HTTP/1.1" 200 218
127.0.0.1 - - [12/Aug/2020:19:24:50 +0700] "GET / HTTP/1.1" 404 751
0:0:0:0:0:0:0:1 - - [12/Aug/2020:19:24:50 +0700] "GET /webShop/contact/add HTTP/1.1" 200 650
127.0.0.1 - - [12/Aug/2020:19:25:26 +0700] "GET / HTTP/1.1" 404 751
0:0:0:0:0:0:0:1 - - [12/Aug/2020:19:25:26 +0700] "GET /webShop/contact/add HTTP/1.1" 200 654
0:0:0:0:0:0:0:1 - - [12/Aug/2020:19:26:03 +0700] "POST /webShop/contact/add HTTP/1.1" 500 1328
0:0:0:0:0:0:0:1 - - [12/Aug/2020:19:26:35 +0700] "GET /webShop/contact/add HTTP/1.1" 200 654
0:0:0:0:0:0:0:1 - - [12/Aug/2020:19:26:59 +0700] "POST /webShop/contact/add HTTP/1.1" 200 654
127.0.0.1 - - [12/Aug/2020:19:28:03 +0700] "GET / HTTP/1.1" 404 751
0:0:0:0:0:0:0:1 - - [12/Aug/2020:19:28:03 +0700] "GET /webShop/contact/add HTTP/1.1" 200 654
0:0:0:0:0:0:0:1 - - [12/Aug/2020:19:28:18 +0700] "POST /webShop/contact/add HTTP/1.1" 200 654
0:0:0:0:0:0:0:1 - - [12/Aug/2020:19:46:11 +0700] "GET /webShop/contact/add HTTP/1.1" 200 654
0:0:0:0:0:0:0:1 - - [12/Aug/2020:19:46:18 +0700] "POST /webShop/contact/add HTTP/1.1" 500 1328
0:0:0:0:0:0:0:1 - - [12/Aug/2020:19:46:34 +0700] "POST /webShop/contact/add HTTP/1.1" 200 654
127.0.0.1 - - [12/Aug/2020:19:48:23 +0700] "GET / HTTP/1.1" 404 751
0:0:0:0:0:0:0:1 - - [12/Aug/2020:19:48:24 +0700] "GET /webShop/contact/add HTTP/1.1" 200 654
0:0:0:0:0:0:0:1 - - [12/Aug/2020:19:48:37 +0700] "POST /webShop/contact/add HTTP/1.1" 200 654
127.0.0.1 - - [12/Aug/2020:19:51:31 +0700] "GET / HTTP/1.1" 404 751
0:0:0:0:0:0:0:1 - - [12/Aug/2020:19:51:32 +0700] "GET /webShop/contact/add HTTP/1.1" 200 652
0:0:0:0:0:0:0:1 - - [12/Aug/2020:19:51:45 +0700] "POST /webShop/contact/add HTTP/1.1" 200 652
127.0.0.1 - - [12/Aug/2020:19:53:28 +0700] "GET / HTTP/1.1" 404 751
0:0:0:0:0:0:0:1 - - [12/Aug/2020:19:53:29 +0700] "GET /webShop/contact/add HTTP/1.1" 200 652
0:0:0:0:0:0:0:1 - - [12/Aug/2020:19:53:49 +0700] "POST /webShop/contact/add HTTP/1.1" 200 -
127.0.0.1 - - [12/Aug/2020:19:55:36 +0700] "GET / HTTP/1.1" 404 751
0:0:0:0:0:0:0:1 - - [12/Aug/2020:19:55:36 +0700] "GET /webShop/contact/add HTTP/1.1" 200 652
0:0:0:0:0:0:0:1 - - [12/Aug/2020:19:55:52 +0700] "POST /webShop/contact/add HTTP/1.1" 302 -
0:0:0:0:0:0:0:1 - - [12/Aug/2020:19:55:52 +0700] "GET /webShop/contact/list HTTP/1.1" 200 635
0:0:0:0:0:0:0:1 - - [12/Aug/2020:19:56:02 +0700] "GET /webShop/contact/add HTTP/1.1" 200 652
0:0:0:0:0:0:0:1 - - [12/Aug/2020:19:56:03 +0700] "POST /webShop/contact/add HTTP/1.1" 302 -
0:0:0:0:0:0:0:1 - - [12/Aug/2020:19:56:03 +0700] "GET /webShop/contact/list HTTP/1.1" 200 841
